00:00 +0: loading D:/0_1PFE/flutterapp/flutter_application_1/test/test_gemini.dart
00:00 +0: Test Gemini API Connection on 2.0-flash
ÔòöÔòÉÔòÉÔòÉÔòÉÔòÉÔòÉÔòÉÔòÉÔòÉÔòÉÔòÉÔòÉÔòÉÔòÉÔòÉÔòÉÔòÉÔòÉÔòÉÔòÉÔòÉÔòÉÔòÉÔòÉÔòÉÔòÉÔòÉÔòÉÔòÉÔòÉÔòÉÔòÉÔòÉÔòÉÔòÉÔòÉÔòÉÔòÉÔòÉÔòÉÔòù
Ôòæ     GEMINI API DEBUG INFORMATION       Ôòæ
ÔòÜÔòÉÔòÉÔòÉÔòÉÔòÉÔòÉÔòÉÔòÉÔòÉÔòÉÔòÉÔòÉÔòÉÔòÉÔòÉÔòÉÔòÉÔòÉÔòÉÔòÉÔòÉÔòÉÔòÉÔòÉÔòÉÔòÉÔòÉÔòÉÔòÉÔòÉÔòÉÔòÉÔòÉÔòÉÔòÉÔòÉÔòÉÔòÉÔòÉÔòÉÔòØ

API Key Status: Ô£à LOADED - AIzaSyD9QN...
Model: gemini-2.0-flash
Package: google_generative_ai ^0.4.0

Troubleshooting:
1. API Key: https://ai.google.dev/
2. Enable API: https://console.cloud.google.com/
3. Check .env: project_root/.env
4. Get latest model: gemini-2.0-flash (2025)

Common Errors & Fixes:
ÔØî "Model not found" ÔåÆ Use gemini-2.0-flash
ÔØî "401 Unauthorized" ÔåÆ Get new API key
ÔØî "403 Forbidden" ÔåÆ Enable Generative AI API
ÔØî "No internet" ÔåÆ Check WiFi connection
ÔØî "Timeout" ÔåÆ API is slow, increase timeout

ÔòÉÔòÉÔòÉÔòÉÔòÉÔòÉÔòÉÔòÉÔòÉÔòÉÔòÉÔòÉÔòÉÔòÉÔòÉÔòÉÔòÉÔòÉÔòÉÔòÉÔòÉÔòÉÔòÉÔòÉÔòÉÔòÉÔòÉÔòÉÔòÉÔòÉÔòÉÔòÉÔòÉÔòÉÔòÉÔòÉÔòÉÔòÉÔòÉÔòÉÔòÉÔòÉÔòÉ
    
Sending test message: "Are you there? Please reply with a short YES I am here"...
TEST FAILED: $e
00:00 +0 -1: Test Gemini API Connection on 2.0-flash [E]
  Failed to connect to Gemini API: $e
  package:matcher             fail
  test\test_gemini.dart 51:7  main.<fn>
  
00:00 +0 -1: Some tests failed.
